next window Sat 19 Sep 23:00 for 5h
window open Sun 13:03
window closed Sun 18:03
next window Sun 20 Sep 23:00 for 5h
window open Sun 20 Sep 23:00
window closed Sun 20 Sep 23:00
window open Mon 21 Sep 23:00
window closed Mon 21 Sep 23:27
window moved to 02:00 at the author's request; 14B Q8_0 checkpointed at 100/200
window open Tue 22 Sep 02:00
window closed Tue 22 Sep 07:00
window open Wed 23 Sep 02:00
window closed Wed 23 Sep 07:00
window open Thu 24 Sep 02:00
window closed Thu 24 Sep 04:22
window open Sat 26 Sep 02:13
window closed Sat 26 Sep 08:03
window open Sun 27 Sep 02:00
window closed Sun 27 Sep 04:17
campaign complete, nothing to do Mon Sep 28 02:00:01 PDT 2026
campaign complete, nothing to do Tue Sep 29 02:00:02 PDT 2026
